// Vitest Snapshot v1, https://vitest.dev/guide/snapshot.html

exports[`EditorialLede > renders eyebrow, number, and narrative 1`] = `
<article
  class="px-10 pt-2 space-y-4"
>
  <div
    class="text-sm uppercase tracking-tracked text-stone"
  >
    Organic sessions
  </div>
  <div
    class="num text-display-xl font-medium leading-none text-charcoal"
  >
    4.2M
  </div>
  <p
    class="max-w-prose text-lg text-graphite"
  >
    up 18.4% from prior 30 days, led by men's vertical search.
  </p>
</article>
`;
